Change Component Description : Designator=U2 Old Description=Ldo, Fixed, 3.3V, 0.3A, -40 To 85Deg C Rohs Compliant: Yes New Description=Ldo, Fixed, 3.3V, 0.3A, -40 To 85Deg C Rohs Compliant: Yes |Diodes Inc. AP7343D-33FS4-7B
Change Component Description : Designator=D3 Old Description=Schottky Diode Sod323 T&r 3K Rohs Compliant: Yes New Description=Schottky Diode Sod323 T&r 3K Rohs Compliant: Yes |Diodes Inc. BAT54WS-7-F
Added Pin To Net: NetName=3.3V Pin=C1-1
Added Pin To Net: NetName=GND Pin=C1-2
Added Pin To Net: NetName=GND Pin=C2-1
Added Pin To Net: NetName=OSC OUT Pin=C2-2
Added Pin To Net: NetName=OSC IN Pin=C3-1
Added Pin To Net: NetName=GND Pin=C3-2
Added Pin To Net: NetName=NetC4_1 Pin=C4-1
Added Pin To Net: NetName=GND Pin=C4-2
Added Pin To Net: NetName=3.3V Pin=C5-1
Added Pin To Net: NetName=GND Pin=C5-2
Added Pin To Net: NetName=3.3V Pin=C8-1
Added Pin To Net: NetName=GND Pin=C8-2
Added Pin To Net: NetName=3.3V Pin=C9-1
Added Pin To Net: NetName=GND Pin=C9-2
Added Pin To Net: NetName=3.3V Pin=C10-1
Added Pin To Net: NetName=GND Pin=C10-2
Added Pin To Net: NetName=3.3V Pin=C11-1
Added Pin To Net: NetName=GND Pin=C11-2
Added Pin To Net: NetName=3.3V Pin=C12-1
Added Pin To Net: NetName=GND Pin=C12-2
Added Pin To Net: NetName=GND Pin=CN2-5
Added Pin To Net: NetName=GND Pin=CN2-6
Added Pin To Net: NetName=GND Pin=D1-1
Added Pin To Net: NetName=NetD1_2 Pin=D1-2
Added Pin To Net: NetName=NetD2_1 Pin=D2-1
Added Pin To Net: NetName=3.3V Pin=D2-2
Added Pin To Net: NetName=5V Pin=D3-1
Added Pin To Net: NetName=U5V Pin=D3-2
Added Pin To Net: NetName=NetD4_2 Pin=D4-2
Added Pin To Net: NetName=NetCN1_1 Pin=R1-1
Added Pin To Net: NetName=LED STLINK Pin=R3-1
Added Pin To Net: NetName=NetD1_2 Pin=R3-2
Added Pin To Net: NetName=LED STLINK Pin=R4-1
Added Pin To Net: NetName=NetD2_1 Pin=R4-2
Added Pin To Net: NetName=GND Pin=R5-1
Added Pin To Net: NetName=NetR5_2 Pin=R5-2
Added Pin To Net: NetName=USB DP Pin=R6-1
Added Pin To Net: NetName=3.3V Pin=R6-2
Added Pin To Net: NetName=GND Pin=R7-1
Added Pin To Net: NetName=NetR7_2 Pin=R7-2
Added Pin To Net: NetName=AIN 1 Pin=R8-1
Added Pin To Net: NetName=3.3V Pin=R8-2
Added Pin To Net: NetName=NetR9_1 Pin=R9-1
Added Pin To Net: NetName=3.3V Pin=R9-2
Added Pin To Net: NetName=T JTMS Pin=R10-1
Added Pin To Net: NetName=NetD4_2 Pin=R11-1
Added Pin To Net: NetName=3.3V Pin=R11-2
Added Pin To Net: NetName=NetC4_1 Pin=R12-1
Added Pin To Net: NetName=3.3V Pin=R12-2
Added Pin To Net: NetName=GND Pin=R13-1
Added Pin To Net: NetName=NetR13_2 Pin=R13-2
Added Pin To Net: NetName=GND Pin=TP3-1
Added Pin To Net: NetName=5V Pin=TP4-1
Added Pin To Net: NetName=NetR5_2 Pin=U1-A2
Added Pin To Net: NetName=3.3V Pin=U1-B2
Added Pin To Net: NetName=NetR7_2 Pin=U1-B4
Added Pin To Net: NetName=USB DP Pin=U1-B8
Added Pin To Net: NetName=OSC IN Pin=U1-C1
Added Pin To Net: NetName=GND Pin=U1-C2
Added Pin To Net: NetName=LED STLINK Pin=U1-C7
Added Pin To Net: NetName=USB DM Pin=U1-C8
Added Pin To Net: NetName=OSC OUT Pin=U1-D1
Added Pin To Net: NetName=3.3V Pin=U1-D2
Added Pin To Net: NetName=GND Pin=U1-D4
Added Pin To Net: NetName=GND Pin=U1-D5
Added Pin To Net: NetName=GND Pin=U1-D6
Added Pin To Net: NetName=NetR13_2 Pin=U1-D7
Added Pin To Net: NetName=NetC4_1 Pin=U1-E1
Added Pin To Net: NetName=3.3V Pin=U1-E4
Added Pin To Net: NetName=3.3V Pin=U1-E5
Added Pin To Net: NetName=3.3V Pin=U1-E6
Added Pin To Net: NetName=GND Pin=U1-F1
Added Pin To Net: NetName=T JTMS Pin=U1-F8
Added Pin To Net: NetName=NetR9_1 Pin=U1-G1
Added Pin To Net: NetName=AIN 1 Pin=U1-G2
Added Pin To Net: NetName=GND Pin=U1-G6
Added Pin To Net: NetName=3.3V Pin=U1-H1
Added Pin To Net: NetName=GND Pin=U2-2
Added Pin To Net: NetName=GND Pin=U2-5
